<html>
<body>
<pre>
<h1>µVision Build Log</h1>
<h2>Tool Versions:</h2>
IDE-Version: ¦ÌVision V5.26.2.0
Copyright (C) 2018 ARM Ltd and ARM Germany GmbH. All rights reserved.
License Information: bihaiqiankun,  , LIC=76F5U-SKAD8-9UC4U-SQ1Y8-TF58Y-STIVB
 
Tool Versions:
Toolchain:       MDK-ARM Plus  Version: 5.26.2.0
Toolchain Path:  D:\Keil_v5\ARM\ARMCC\Bin
C Compiler:      Armcc.exe V5.06 update 6 (build 750)
Assembler:       Armasm.exe V5.06 update 6 (build 750)
Linker/Locator:  ArmLink.exe V5.06 update 6 (build 750)
Library Manager: ArmAr.exe V5.06 update 6 (build 750)
Hex Converter:   FromElf.exe V5.06 update 6 (build 750)
CPU DLL:         SARMCM3.DLL V5.26.2.0
Dialog DLL:      DCM.DLL V1.17.2.0
Target DLL:      CMSIS_AGDI.dll V1.30.6.0
Dialog DLL:      TCM.DLL V1.36.1.0
 
<h2>Project:</h2>
C:\Users\bihaiqiankun\Desktop\DM542\f4templete\USER\LED.uvprojx
Project File Date:  09/29/2021

<h2>Output:</h2>
*** Using Compiler 'V5.06 update 6 (build 750)', folder: 'D:\Keil_v5\ARM\ARMCC\Bin'
Rebuild target 'LED'
assembling startup_stm32f40_41xxx.s...
compiling misc.c...
compiling stm32f4xx_gpio.c...
compiling led.c...
compiling main.c...
compiling delay.c...
compiling stm32f4xx_it.c...
compiling key.c...
compiling sys.c...
compiling stm32f4xx_syscfg.c...
compiling system_stm32f4xx.c...
compiling stm32f4xx_tim.c...
compiling stm32f4xx_exti.c...
compiling stm32f4xx_rcc.c...
compiling exti.c...
compiling stm32f4xx_usart.c...
compiling DM542.c...
linking...
Program Size: Code=2256 RO-data=424 RW-data=4 ZI-data=1636  
FromELF: creating hex file...
"..\OBJ\LED.axf" - 0 Error(s), 0 Warning(s).

<h2>Software Packages used:</h2>

Package Vendor: Keil
                http://www.keil.com/pack/Keil.STM32F4xx_DFP.2.15.0.pack
                Keil.STM32F4xx_DFP.2.15.0
                STMicroelectronics STM32F4 Series Device Support, Drivers and Examples

<h2>Collection of Component include folders:</h2>
  .\RTE\_LED
  D:\Keil_v5\ARM\PACK\Keil\STM32F4xx_DFP\2.15.0\Drivers\CMSIS\Device\ST\STM32F4xx\Include

<h2>Collection of Component Files used:</h2>
Build Time Elapsed:  00:00:04
</pre>
</body>
</html>
